\BOOKMARK [1][-]{section.1}{\376\377\0001\000\040\000C\000o\000d\000e\000f\000o\000r\000c\000e\000s\000\040\122\067\230\230\140\073\176\323}{}% 1
\BOOKMARK [2][-]{subsection.1.1}{\376\377\0001\000.\0001\000\040\220\107\122\060\166\204\225\356\230\230\116\345\123\312\133\146\122\060\166\204\145\271\154\325}{section.1}% 2
\BOOKMARK [2][-]{subsection.1.2}{\376\377\0001\000.\0002\000\040\133\214\177\216\166\204\116\000\136\164}{section.1}% 3
\BOOKMARK [2][-]{subsection.1.3}{\376\377\0001\000.\0003\000\040\133\146\150\041\143\222\226\037\000\050\116\016\000L\000u\000o\000g\000u\000P\0003\0007\0004\0001\174\173\117\074\000\051}{section.1}% 4
\BOOKMARK [2][-]{subsection.1.4}{\376\377\0001\000.\0004\000\040\124\021\116\012\123\326\145\164\225\356\230\230\377\014\116\015\165\050\000c\000e\000i\000l\121\375\145\160}{section.1}% 5
\BOOKMARK [1][-]{section.2}{\376\377\0002\000\040\000n\000e\000w\000c\000o\000d\000e\000\040\122\067\230\230\140\073\176\323}{}% 6
\BOOKMARK [2][-]{subsection.2.1}{\376\377\0002\000.\0001\000\040\220\107\122\060\166\204\225\356\230\230\116\345\123\312\133\146\122\060\166\204\145\271\154\325}{section.2}% 7
\BOOKMARK [2][-]{subsection.2.2}{\376\377\0002\000.\0002\000\040\124\150\215\133\0001\0001\0009}{section.2}% 8
\BOOKMARK [2][-]{subsection.2.3}{\376\377\0002\000.\0003\000\040\147\010\215\133\0001\0002\0004}{section.2}% 9
\BOOKMARK [3][-]{subsubsection.2.3.1}{\376\377\0002\000.\0003\000.\0001\000\040\000B\000\050\145\160\176\304\221\315\143\222\000\051}{subsection.2.3}% 10
\BOOKMARK [3][-]{subsubsection.2.3.2}{\376\377\0002\000.\0003\000.\0002\000\040\000D\123\072\225\364\147\345\213\342\000\050\154\102\126\340\145\160\152\041\147\177\000\051}{subsection.2.3}% 11
\BOOKMARK [2][-]{subsection.2.4}{\376\377\0002\000.\0004\000\040\124\150\215\133\0001\0002\0001}{section.2}% 12
\BOOKMARK [3][-]{subsubsection.2.4.1}{\376\377\0002\000.\0004\000.\0001\000\040\000B\116\015\140\363\210\253\124\003\143\211}{subsection.2.4}% 13
\BOOKMARK [3][-]{subsubsection.2.4.2}{\376\377\0002\000.\0004\000.\0002\000\040\147\345\142\176\173\046\124\010\147\141\116\366\133\127\116\062\000\050\000C\116\011\131\226\174\276\000s\000a\000y\000\040\000s\000u\000b\000s\000e\000q\000u\000e\000n\000c\000e\000\040\000\051}{subsection.2.4}% 14
\BOOKMARK [3][-]{subsubsection.2.4.3}{\376\377\0002\000.\0004\000.\0003\000\040\000D\0000\0001\116\062\131\047\121\222\226\151}{subsection.2.4}% 15
\BOOKMARK [2][-]{subsection.2.5}{\376\377\0002\000.\0005\000\040\124\150\215\133\0001\0002\0005}{section.2}% 16
\BOOKMARK [3][-]{subsubsection.2.5.1}{\376\377\0002\000.\0005\000.\0001\000\040\000D\134\017\202\357\166\204\0000\0001\124\010\136\166}{subsection.2.5}% 17
\BOOKMARK [2][-]{subsection.2.6}{\376\377\0002\000.\0006\000\040\153\317\145\345\116\000\230\230}{section.2}% 18
\BOOKMARK [3][-]{subsubsection.2.6.1}{\376\377\0002\000.\0006\000.\0001\000\040\0001\0002\000.\0004\215\050\145\160\176\337\213\241\000\050\173\133\154\325\122\027\215\050\145\160\210\150\000\051}{subsection.2.6}% 19
\BOOKMARK [2][-]{subsection.2.7}{\376\377\0002\000.\0007\000\040\121\166\116\326}{section.2}% 20
\BOOKMARK [3][-]{subsubsection.2.7.1}{\376\377\0002\000.\0007\000.\0001\000\040\142\354\123\367\221\115\133\371}{subsection.2.7}% 21
\BOOKMARK [3][-]{subsubsection.2.7.2}{\376\377\0002\000.\0007\000.\0002\000\040\000m\000a\000p\221\314\227\142\131\127\000m\000a\000p\166\204\165\050\154\325}{subsection.2.7}% 22
\BOOKMARK [3][-]{subsubsection.2.7.3}{\376\377\0002\000.\0007\000.\0003\000\040\000B\000G\000N\0001\0008\000\040\126\336\145\207\145\345\147\037}{subsection.2.7}% 23
\BOOKMARK [3][-]{subsubsection.2.7.4}{\376\377\0002\000.\0007\000.\0004\000\040\000B\000G\000N\0002\0004\000\040\134\017\176\242\166\204\167\351\226\065\147\323\202\162}{subsection.2.7}% 24
\BOOKMARK [3][-]{subsubsection.2.7.5}{\376\377\0002\000.\0007\000.\0005\000\040\000B\000G\000N\0002\0006\000\040\134\017\176\242\200\314\123\125\213\315}{subsection.2.7}% 25
\BOOKMARK [3][-]{subsubsection.2.7.6}{\376\377\0002\000.\0007\000.\0006\000\040\000B\000G\000N\0002\0008\000\040\146\374\124\310\230\177\215\335\171\273\166\204\147\000\131\047\123\026\173\200}{subsection.2.7}% 26
\BOOKMARK [3][-]{subsubsection.2.7.7}{\376\377\0002\000.\0007\000.\0007\000\040\133\127\173\046\116\062\171\373\122\250\166\204\131\004\164\006}{subsection.2.7}% 27
\BOOKMARK [3][-]{subsubsection.2.7.8}{\376\377\0002\000.\0007\000.\0008\000\040\000B\000G\000N\0003\0004\000\040\0000\0001\136\217\122\027}{subsection.2.7}% 28
\BOOKMARK [3][-]{subsubsection.2.7.9}{\376\377\0002\000.\0007\000.\0009\000\040\133\127\173\046\116\062\116\244\143\142}{subsection.2.7}% 29
\BOOKMARK [2][-]{subsection.2.8}{\376\377\0002\000.\0008\000\040\145\160\213\272\140\073\176\323}{section.2}% 30
\BOOKMARK [3][-]{subsubsection.2.8.1}{\376\377\0002\000.\0008\000.\0001\000\040\000B\000G\000N\0007\000\040\233\124\154\325\150\322}{subsection.2.8}% 31
\BOOKMARK [3][-]{subsubsection.2.8.2}{\376\377\0002\000.\0008\000.\0002\000\040\124\014\117\131\140\047\215\050\124\214\145\164\226\144\162\171\140\047\166\204\136\224\165\050}{subsection.2.8}% 32
\BOOKMARK [3][-]{subsubsection.2.8.3}{\376\377\0002\000.\0008\000.\0003\000\040\163\257\137\142\145\160\176\304\217\336\176\355\000\040\000k\000\040\230\171\124\214\166\370\173\111\166\204\145\160\213\272\122\044\133\232\143\250\133\374}{subsection.2.8}% 33
\BOOKMARK [3][-]{subsubsection.2.8.4}{\376\377\0002\000.\0008\000.\0004\000\040\123\326\152\041\142\026\137\252\163\257\225\356\230\230\124\150\147\037\137\252\163\257\202\202\166\204\133\373\142\176}{subsection.2.8}% 34
\BOOKMARK [3][-]{subsubsection.2.8.5}{\376\377\0002\000.\0008\000.\0005\000\040\210\364\207\000\133\232\164\006}{subsection.2.8}% 35
\BOOKMARK [1][-]{section.3}{\376\377\0003\000\040\173\227\154\325\133\146\116\140\173\307\000\050\230\230\166\356\116\073\211\201\147\145\201\352\000L\000u\000o\000g\000u\000,\117\106\116\137\147\011\220\350\122\006\121\166\116\326\177\121\172\331\166\204\230\230\000\051}{}% 36
\BOOKMARK [2][-]{subsection.3.1}{\376\377\0003\000.\0001\000\040\220\107\122\060\166\204\225\356\230\230\116\345\123\312\133\146\122\060\166\204\145\271\154\325}{section.3}% 37
\BOOKMARK [3][-]{subsubsection.3.1.1}{\376\377\0003\000.\0001\000.\0001\000\040\117\177\165\050\166\204\000m\000a\000i\000n\121\375\145\160\124\214\121\306\131\007\135\345\117\134\220\375\133\130\127\050\217\331\221\314\116\206}{subsection.3.1}% 38
\BOOKMARK [2][-]{subsection.3.2}{\376\377\0003\000.\0002\000\040\155\361\136\246\117\030\121\110\144\034\175\042}{section.3}% 39
\BOOKMARK [3][-]{subsubsection.3.2.1}{\376\377\0003\000.\0002\000.\0001\000\040\000P\0001\0001\0003\0008\0008\230\336\215\303}{subsection.3.2}% 40
\BOOKMARK [3][-]{subsubsection.3.2.2}{\376\377\0003\000.\0002\000.\0002\000\040\220\022\137\122\133\236\163\260\143\222\122\027\127\213\147\232\116\076\000\050\147\011\230\172\136\217\000\051}{subsection.3.2}% 41
\BOOKMARK [3][-]{subsubsection.3.2.3}{\376\377\0003\000.\0002\000.\0003\000\040\220\022\137\122\133\236\163\260\176\304\124\010\127\213\147\232\116\076\000\050\145\340\230\172\136\217\000\051}{subsection.3.2}% 42
\BOOKMARK [3][-]{subsubsection.3.2.4}{\376\377\0003\000.\0002\000.\0004\000\040\220\022\137\122\133\236\163\260\143\007\145\160\127\213\147\232\116\076}{subsection.3.2}% 43
\BOOKMARK [3][-]{subsubsection.3.2.5}{\376\377\0003\000.\0002\000.\0005\000\040\143\007\145\160\127\213\123\330\137\017}{subsection.3.2}% 44
\BOOKMARK [3][-]{subsubsection.3.2.6}{\376\377\0003\000.\0002\000.\0006\000\040\143\222\122\027\127\213\123\330\137\017}{subsection.3.2}% 45
\BOOKMARK [3][-]{subsubsection.3.2.7}{\376\377\0003\000.\0002\000.\0007\000\040\217\336\220\032\127\127\225\356\230\230}{subsection.3.2}% 46
\BOOKMARK [3][-]{subsubsection.3.2.8}{\376\377\0003\000.\0002\000.\0008\000\040\000P\0001\0006\0004\0004\215\363\232\154}{subsection.3.2}% 47
\BOOKMARK [3][-]{subsubsection.3.2.9}{\376\377\0003\000.\0002\000.\0009\000\040\000P\0002\0000\0003\0006\145\076\214\003\145\231}{subsection.3.2}% 48
\BOOKMARK [3][-]{subsubsection.3.2.10}{\376\377\0003\000.\0002\000.\0001\0000\000\040\000P\0001\0001\0004\0009\160\153\147\364\150\322\173\111\137\017}{subsection.3.2}% 49
\BOOKMARK [3][-]{subsubsection.3.2.11}{\376\377\0003\000.\0002\000.\0001\0001\000\040\000P\0001\0000\0003\0006\220\011\145\160}{subsection.3.2}% 50
\BOOKMARK [3][-]{subsubsection.3.2.12}{\376\377\0003\000.\0002\000.\0001\0002\000\040\000P\0001\0001\0003\0005\220\011\124\214\116\015\220\011\174\173\000\050\131\032\145\271\150\110\220\011\142\351\174\173\000\051}{subsection.3.2}% 51
\BOOKMARK [3][-]{subsubsection.3.2.13}{\376\377\0003\000.\0002\000.\0001\0003\000\040\000P\0001\0000\0002\0005\145\160\166\204\122\022\122\006}{subsection.3.2}% 52
\BOOKMARK [2][-]{subsection.3.3}{\376\377\0003\000.\0003\000\040\116\214\122\006\173\124\150\110}{section.3}% 53
\BOOKMARK [3][-]{subsubsection.3.3.1}{\376\377\0003\000.\0003\000.\0001\000\040\000A\000c\000W\000i\000n\000g\0007\0008\0009\116\214\122\006\152\041\147\177\000\050\137\000\123\072\225\364\000\051\000\050\160\271\121\373\153\144\131\004\000\051}{subsection.3.3}% 54
\BOOKMARK [3][-]{subsubsection.3.3.2}{\376\377\0003\000.\0003\000.\0002\000\040\000P\0002\0006\0007\0008\215\363\167\363\131\064}{subsection.3.3}% 55
\BOOKMARK [3][-]{subsubsection.3.3.3}{\376\377\0003\000.\0003\000.\0003\000\040\000P\0001\0008\0002\0004\217\333\121\373\166\204\131\166\162\133}{subsection.3.3}% 56
\BOOKMARK [3][-]{subsubsection.3.3.4}{\376\377\0003\000.\0003\000.\0004\000\040\000B\0003\0006\0002\0009\124\003\121\260\150\315}{subsection.3.3}% 57
\BOOKMARK [3][-]{subsubsection.3.3.5}{\376\377\0003\000.\0003\000.\0005\000\040\000P\0001\0009\0001\0008\117\335\237\204\164\003\000\050\116\214\122\006\154\325\000\051}{subsection.3.3}% 58
\BOOKMARK [3][-]{subsubsection.3.3.6}{\376\377\0003\000.\0003\000.\0006\000\040\143\320\232\330\176\304\116\214\122\006\173\124\150\110\000\050\000P\0001\0000\0008\0003\000\051}{subsection.3.3}% 59
\BOOKMARK [3][-]{subsubsection.3.3.7}{\376\377\0003\000.\0003\000.\0007\000\040\000P\0001\0005\0007\0007\122\007\176\363\133\120}{subsection.3.3}% 60
\BOOKMARK [3][-]{subsubsection.3.3.8}{\376\377\0003\000.\0003\000.\0008\000\040\116\214\122\006\217\333\226\066\000\050\000n\000e\000w\000c\000o\000d\000e\000F\000\051}{subsection.3.3}% 61
\BOOKMARK [3][-]{subsubsection.3.3.9}{\376\377\0003\000.\0003\000.\0009\000\040\200\152\146\016\166\204\215\050\150\300\124\130}{subsection.3.3}% 62
\BOOKMARK [3][-]{subsubsection.3.3.10}{\376\377\0003\000.\0003\000.\0001\0000\000\040\000P\0005\0001\0001\0009\131\166\162\133\116\012\217\146}{subsection.3.3}% 63
\BOOKMARK [3][-]{subsubsection.3.3.11}{\376\377\0003\000.\0003\000.\0001\0001\000\040\000P\0002\0006\0005\0000\137\071\136\125\200\003\133\337}{subsection.3.3}% 64
\BOOKMARK [3][-]{subsubsection.3.3.12}{\376\377\0003\000.\0003\000.\0001\0002\000\040\0002\0000\0002\0006\131\051\150\257\220\011\142\324\0002\000-\0001}{subsection.3.3}% 65
\BOOKMARK [2][-]{subsection.3.4}{\376\377\0003\000.\0004\000\040\122\006\145\160\211\304\122\022}{section.3}% 66
\BOOKMARK [3][-]{subsubsection.3.4.1}{\376\377\0003\000.\0004\000.\0001\000\040\000P\0001\0005\0007\0000\000K\000C\124\226\125\141}{subsection.3.4}% 67
\BOOKMARK [2][-]{subsection.3.5}{\376\377\0003\000.\0005\000\040\124\310\136\014\210\150}{section.3}% 68
\BOOKMARK [3][-]{subsubsection.3.5.1}{\376\377\0003\000.\0005\000.\0001\000\040\000A\000+\000B}{subsection.3.5}% 69
\BOOKMARK [3][-]{subsubsection.3.5.2}{\376\377\0003\000.\0005\000.\0002\000\040\000A\000-\000B}{subsection.3.5}% 70
\BOOKMARK [3][-]{subsubsection.3.5.3}{\376\377\0003\000.\0005\000.\0003\000\040\000P\0001\0009\0001\0008\117\335\237\204\164\003\000\050\124\310\136\014\210\150\000\051}{subsection.3.5}% 71
\BOOKMARK [3][-]{subsubsection.3.5.4}{\376\377\0003\000.\0005\000.\0004\000\040\124\310\136\014\210\150\211\343\121\263\145\160\133\371\225\356\230\230}{subsection.3.5}% 72
\BOOKMARK [3][-]{subsubsection.3.5.5}{\376\377\0003\000.\0005\000.\0005\000\040\124\310\136\014\145\160\176\304\000\050\000P\0003\0008\0007\0009\000\051}{subsection.3.5}% 73
\BOOKMARK [2][-]{subsection.3.6}{\376\377\0003\000.\0006\000\040\123\314\143\007\224\210}{section.3}% 74
\BOOKMARK [3][-]{subsubsection.3.6.1}{\376\377\0003\000.\0006\000.\0001\000\040\166\333\147\000\131\032\154\064\166\204\133\271\126\150\000\050\000L\000e\000e\000t\000C\000o\000d\000e\000\051}{subsection.3.6}% 75
\BOOKMARK [3][-]{subsubsection.3.6.2}{\376\377\0003\000.\0006\000.\0002\000\040\143\245\226\350\154\064\000\050\000L\000e\000e\000t\000C\000o\000d\000e\000\051}{subsection.3.6}% 76
\BOOKMARK [3][-]{subsubsection.3.6.3}{\376\377\0003\000.\0006\000.\0003\000\040\000P\0001\0001\0004\0007\217\336\176\355\201\352\161\066\145\160\116\113\124\214}{subsection.3.6}% 77
\BOOKMARK [3][-]{subsubsection.3.6.4}{\376\377\0003\000.\0006\000.\0004\000\040\000P\0001\0006\0003\0008\220\033\165\073\134\125}{subsection.3.6}% 78
\BOOKMARK [3][-]{subsubsection.3.6.5}{\376\377\0003\000.\0006\000.\0005\000\040\000B\0004\0000\0000\0006\133\235\173\261}{subsection.3.6}% 79
\BOOKMARK [3][-]{subsubsection.3.6.6}{\376\377\0003\000.\0006\000.\0006\000\040\000P\0005\0007\0004\0005\123\072\225\364\147\000\131\047\124\214}{subsection.3.6}% 80
\BOOKMARK [3][-]{subsubsection.3.6.7}{\376\377\0003\000.\0006\000.\0007\000\040\000L\000e\000e\000t\000c\000o\000d\000e\0003\145\340\221\315\131\015\147\000\225\177\133\120\116\062}{subsection.3.6}% 81
\BOOKMARK [3][-]{subsubsection.3.6.8}{\376\377\0003\000.\0006\000.\0008\000\040\000L\000e\000e\000t\000c\000o\000d\000e\0005\147\000\225\177\126\336\145\207\133\120\116\062}{subsection.3.6}% 82
\BOOKMARK [2][-]{subsection.3.7}{\376\377\0003\000.\0007\000\040\122\115\177\000\124\214\116\345\123\312\135\356\122\006}{section.3}% 83
\BOOKMARK [3][-]{subsubsection.3.7.1}{\376\377\0003\000.\0007\000.\0001\000\040\122\115\177\000\124\214\152\041\147\177\000\050\000p\0008\0002\0001\0008\000\051}{subsection.3.7}% 84
\BOOKMARK [3][-]{subsubsection.3.7.2}{\376\377\0003\000.\0007\000.\0002\000\040\135\356\122\006\152\041\147\177\000\050\000P\0002\0003\0006\0007\000\051}{subsection.3.7}% 85
\BOOKMARK [3][-]{subsubsection.3.7.3}{\376\377\0003\000.\0007\000.\0003\000\040\122\115\177\000\124\214\211\343\121\263\123\072\225\364\221\315\123\340\225\356\230\230\000\050\000P\0001\0000\0004\0007\000\051}{subsection.3.7}% 86
\BOOKMARK [3][-]{subsubsection.3.7.4}{\376\377\0003\000.\0007\000.\0004\000\040\000P\0003\0004\0000\0006\155\167\136\225\232\330\224\301}{subsection.3.7}% 87
\BOOKMARK [3][-]{subsubsection.3.7.5}{\376\377\0003\000.\0007\000.\0005\000\040\000P\0008\0008\0003\0000\000\050\213\304\131\324\142\123\122\006\000\051}{subsection.3.7}% 88
\BOOKMARK [3][-]{subsubsection.3.7.6}{\376\377\0003\000.\0007\000.\0006\000\040\116\214\176\364\122\115\177\000\124\214\152\041\147\177\000\050\000P\0002\0000\0000\0004\000\051}{subsection.3.7}% 89
\BOOKMARK [3][-]{subsubsection.3.7.7}{\376\377\0003\000.\0007\000.\0007\000\040\122\115\177\000\124\214\123\326\152\041\136\224\165\050\000\050\000a\000b\000c\0001\0000\0005\000D\000\051}{subsection.3.7}% 90
\BOOKMARK [3][-]{subsubsection.3.7.8}{\376\377\0003\000.\0007\000.\0008\000\040\116\214\176\364\135\356\122\006\000\050\000P\0003\0003\0009\0007\000\051}{subsection.3.7}% 91
\BOOKMARK [2][-]{subsection.3.8}{\376\377\0003\000.\0008\000\040\000S\000T\210\150}{section.3}% 92
\BOOKMARK [3][-]{subsubsection.3.8.1}{\376\377\0003\000.\0008\000.\0001\000\040\000S\000T\210\150\152\041\147\177\230\230\000\050\000P\0003\0008\0006\0005\000\051}{subsection.3.8}% 93
\BOOKMARK [3][-]{subsubsection.3.8.2}{\376\377\0003\000.\0008\000.\0002\000\040\000S\000T\210\150\154\102\147\000\134\017\120\074\124\214\147\000\131\047\120\074\000\050\176\374\124\010\000\051}{subsection.3.8}% 94
\BOOKMARK [2][-]{subsection.3.9}{\376\377\0003\000.\0009\000\040\122\250\140\001\211\304\122\022}{section.3}% 95
\BOOKMARK [3][-]{subsubsection.3.9.1}{\376\377\0003\000.\0009\000.\0001\000\040\000P\000T\000A\143\242\226\151}{subsection.3.9}% 96
\BOOKMARK [2][-]{subsection.3.10}{\376\377\0003\000.\0001\0000\000\040\133\127\173\046\116\062}{section.3}% 97
\BOOKMARK [3][-]{subsubsection.3.10.1}{\376\377\0003\000.\0001\0000\000.\0001\000\040\000K\000M\000P\173\227\154\325}{subsection.3.10}% 98
\BOOKMARK [2][-]{subsection.3.11}{\376\377\0003\000.\0001\0001\000\040\147\011\121\163\116\214\217\333\122\066\166\204\116\140\230\230\140\073\176\323}{section.3}% 99
\BOOKMARK [3][-]{subsubsection.3.11.1}{\376\377\0003\000.\0001\0001\000.\0001\000\040\0002\0000\0002\0006\131\051\150\257\220\011\142\324\0001\000-\0008}{subsection.3.11}% 100
\BOOKMARK [3][-]{subsubsection.3.11.2}{\376\377\0003\000.\0001\0001\000.\0002\000\040\0002\0000\0002\0005\131\051\150\257\215\133\131\015\215\133\0007\000-\0005}{subsection.3.11}% 101
\BOOKMARK [3][-]{subsubsection.3.11.3}{\376\377\0003\000.\0001\0001\000.\0003\000\040\000P\0001\0000\0006\0002\145\160\122\027}{subsection.3.11}% 102
\BOOKMARK [2][-]{subsection.3.12}{\376\377\0003\000.\0001\0002\000\040\137\353\220\037\136\102}{section.3}% 103
\BOOKMARK [3][-]{subsubsection.3.12.1}{\376\377\0003\000.\0001\0002\000.\0001\000\040\0002\0000\0002\0006\131\051\150\257\215\133\220\011\142\324\0001\000-\0007}{subsection.3.12}% 104
\BOOKMARK [2][-]{subsection.3.13}{\376\377\0003\000.\0001\0003\000\040\123\125\214\003\150\010}{section.3}% 105
\BOOKMARK [3][-]{subsubsection.3.13.1}{\376\377\0003\000.\0001\0003\000.\0001\000\040\000P\0005\0007\0008\0008\123\125\214\003\150\010\152\041\147\177}{subsection.3.13}% 106
\BOOKMARK [3][-]{subsubsection.3.13.2}{\376\377\0003\000.\0001\0003\000.\0002\000\040\000P\0001\0003\0001\0008\171\357\154\064\227\142\171\357}{subsection.3.13}% 107
\BOOKMARK [2][-]{subsection.3.14}{\376\377\0003\000.\0001\0004\000\040\121\166\116\326\000\050\000L\000u\000o\000g\000u\230\230\136\223\000\051}{section.3}% 108
\BOOKMARK [3][-]{subsubsection.3.14.1}{\376\377\0003\000.\0001\0004\000.\0001\000\040\000P\0003\0007\0004\0001\121\321\000V\000K}{subsection.3.14}% 109
\BOOKMARK [3][-]{subsubsection.3.14.2}{\376\377\0003\000.\0001\0004\000.\0002\000\040\000B\0003\0006\0002\0007\172\313\145\271\150\071\000\050\000c\000b\000r\000t\000\050\000\051\121\375\145\160\000\051}{subsection.3.14}% 110
\BOOKMARK [3][-]{subsubsection.3.14.3}{\376\377\0003\000.\0001\0004\000.\0003\000\040\000P\0001\0007\0006\0005\142\113\147\072\225\056\166\330}{subsection.3.14}% 111
\BOOKMARK [3][-]{subsubsection.3.14.4}{\376\377\0003\000.\0001\0004\000.\0004\000\040\000P\0005\0007\0003\0004\133\127\173\046\116\062\166\204\217\336\143\245\000,\143\322\121\145\000,\142\052\123\326\124\214\147\345\142\176}{subsection.3.14}% 112
\BOOKMARK [3][-]{subsubsection.3.14.5}{\376\377\0003\000.\0001\0004\000.\0005\000\040\000P\0001\0009\0005\0007\123\072\122\006\217\223\121\145\116\052\145\160\116\345\123\312\117\335\133\130\116\012\153\041\217\223\121\145}{subsection.3.14}% 113
\BOOKMARK [3][-]{subsubsection.3.14.6}{\376\377\0003\000.\0001\0004\000.\0006\000\040\000P\0001\0006\0001\0004\226\037\122\027\133\236\163\260\137\252\163\257}{subsection.3.14}% 114
\BOOKMARK [3][-]{subsubsection.3.14.7}{\376\377\0003\000.\0001\0004\000.\0007\000\040\000P\0001\0001\0006\0001\137\000\121\163\124\214\124\021\116\013\123\326\145\164\225\356\230\230}{subsection.3.14}% 115
\BOOKMARK [3][-]{subsubsection.3.14.8}{\376\377\0003\000.\0001\0004\000.\0008\000\040\215\037\145\160\166\204\217\333\122\066\217\154\143\142}{subsection.3.14}% 116
\BOOKMARK [3][-]{subsubsection.3.14.9}{\376\377\0003\000.\0001\0004\000.\0009\000\040\000P\0001\0000\0006\0001\137\252\163\257\220\022\130\236\133\127\153\315\136\217\122\027}{subsection.3.14}% 117
\BOOKMARK [3][-]{subsubsection.3.14.10}{\376\377\0003\000.\0001\0004\000.\0001\0000\000\040\133\127\116\062\142\020\153\324\117\213\145\160\133\127\147\345\142\176}{subsection.3.14}% 118
\BOOKMARK [3][-]{subsubsection.3.14.11}{\376\377\0003\000.\0001\0004\000.\0001\0001\000\040\211\343\116\214\121\103\116\000\153\041\145\271\172\013\176\304\000\050\000s\000s\000c\000a\000n\000f\166\204\165\050\154\325\000\051}{subsection.3.14}% 119
\BOOKMARK [3][-]{subsubsection.3.14.12}{\376\377\0003\000.\0001\0004\000.\0001\0002\000\040\000P\0005\0002\0005\0000\000\040\000s\000e\000t\166\204\165\050\154\325}{subsection.3.14}% 120
\BOOKMARK [3][-]{subsubsection.3.14.13}{\376\377\0003\000.\0001\0004\000.\0001\0003\000\040\000P\0001\0000\0005\0006\143\222\136\247\117\115}{subsection.3.14}% 121
\BOOKMARK [3][-]{subsubsection.3.14.14}{\376\377\0003\000.\0001\0004\000.\0001\0004\000\040\000P\0001\0000\0007\0002\147\000\131\047\121\154\126\340\145\160\000\050\176\246\145\160\000\051\124\214\147\000\134\017\121\154\120\015\145\160}{subsection.3.14}% 122
\BOOKMARK [3][-]{subsubsection.3.14.15}{\376\377\0003\000.\0001\0004\000.\0001\0005\000\040\136\267\142\130\134\024\142\230\176\277\000\050\000z\133\127\137\142\040\023\206\307\137\142\167\351\226\065\220\115\123\206\000\051}{subsection.3.14}% 123
\BOOKMARK [3][-]{subsubsection.3.14.16}{\376\377\0003\000.\0001\0004\000.\0001\0006\000\040\137\002\142\026\124\214\166\204\162\171\140\047\123\312\165\050\154\325}{subsection.3.14}% 124
\BOOKMARK [1][-]{section.4}{\376\377\0004\000\040\000l\000a\000n\000q\000i\000a\000o\122\067\230\230\140\073\176\323}{}% 125
\BOOKMARK [2][-]{subsection.4.1}{\376\377\0004\000.\0001\000\040\220\107\122\060\166\204\225\356\230\230\116\345\123\312\133\146\122\060\166\204\145\271\154\325}{section.4}% 126
\BOOKMARK [3][-]{subsubsection.4.1.1}{\376\377\0004\000.\0001\000.\0001\000\040\147\000\134\021\126\336\145\207\133\120\116\062}{subsection.4.1}% 127
\BOOKMARK [3][-]{subsubsection.4.1.2}{\376\377\0004\000.\0001\000.\0002\000\040\124\010\164\006\221\115\177\156}{subsection.4.1}% 128
\BOOKMARK [1][-]{section.5}{\376\377\0005\000\040\000P\000T\000A\000\040\122\067\230\230\140\073\176\323}{}% 129
\BOOKMARK [2][-]{subsection.5.1}{\376\377\0005\000.\0001\000\040\220\107\122\060\166\204\225\356\230\230\116\345\123\312\133\146\122\060\166\204\145\271\154\325}{section.5}% 130
\BOOKMARK [2][-]{subsection.5.2}{\376\377\0005\000.\0002\000\040\133\371\145\160\176\304\153\317\116\000\122\027\143\011\123\107\136\217\143\222\136\217}{section.5}% 131
\BOOKMARK [2][-]{subsection.5.3}{\376\377\0005\000.\0003\000\040\217\156\155\101\225\356\230\230}{section.5}% 132
\BOOKMARK [2][-]{subsection.5.4}{\376\377\0005\000.\0004\000\040\176\323\147\204\117\123\166\204\117\177\165\050}{section.5}% 133
\BOOKMARK [2][-]{subsection.5.5}{\376\377\0005\000.\0005\000\040\126\372\133\232\117\115\145\160\225\356\230\230}{section.5}% 134
\BOOKMARK [3][-]{subsubsection.5.5.1}{\376\377\0005\000.\0005\000.\0001\000\040\133\127\173\046\116\062\147\345\142\176\217\336\176\355\156\341\215\263\147\141\116\366\116\062\166\204\145\271\154\325}{subsection.5.5}% 135
\BOOKMARK [3][-]{subsubsection.5.5.2}{\376\377\0005\000.\0005\000.\0002\000\040\155\073\165\050\133\127\173\046\116\062\133\127\116\062\143\320\123\326\121\375\145\160\000\050\000s\000u\000b\000s\000t\000r\000\051}{subsection.5.5}% 136
\BOOKMARK [3][-]{subsubsection.5.5.3}{\376\377\0005\000.\0005\000.\0003\000\040\147\000\134\017\123\026\140\035\140\363\0002\0000\0002\0006\131\051\150\257\220\011\142\324\215\133\0001\000-\0006}{subsection.5.5}% 137
\BOOKMARK [1][-]{section.6}{\376\377\0006\000\040\000A\000t\000C\000o\000d\000e\000r\122\067\230\230\140\073\176\323}{}% 138
\BOOKMARK [2][-]{subsection.6.1}{\376\377\0006\000.\0001\000\040\220\107\122\060\166\204\225\356\230\230\116\345\123\312\133\146\122\060\166\204\145\271\154\325}{section.6}% 139
\BOOKMARK [2][-]{subsection.6.2}{\376\377\0006\000.\0002\000\040}{section.6}% 140
\BOOKMARK [1][-]{section.7}{\376\377\0007\000\040\000A\000c\000W\000i\000n\000g\122\067\230\230\140\073\176\323}{}% 141
\BOOKMARK [2][-]{subsection.7.1}{\376\377\0007\000.\0001\000\040\220\107\122\060\166\204\225\356\230\230\116\345\123\312\133\146\122\060\166\204\145\271\154\325}{section.7}% 142
\BOOKMARK [2][-]{subsection.7.2}{\376\377\0007\000.\0002\000\040\0002\0008\0001\0006\122\044\145\255\133\120\136\217\122\027}{section.7}% 143
